// Vitest Snapshot v1

exports[`should be able to mount component 1`] = `"<div>124</div>"`;
